// 重构日志: 435e5c5f
// 重构日志: 7c26d6f2
// 重构日志: 253b597b
// 重构日志: 2e363b95
// 重构日志: b52cc241
// 同步 ID: 0c12d7b2 @ Thu Jul 23 10:49:19 UTC 2026
// 同步 ID: 46c921c3 @ Thu Jul 23 15:57:20 UTC 2026
// 重构日志: c8a0d98d
// 重构日志: 9926347a
// 重构日志: e2b73cbd
// 同步 ID: cae9e447 @ Sun Jul 26 14:43:50 UTC 2026
// 重构日志: a414b4b9
// 同步 ID: 1c6e50e2 @ Mon Jul 27 07:58:10 UTC 2026
// 同步 ID: 7e1ad6a8 @ Mon Jul 27 15:13:40 UTC 2026
// 重构日志: c8a9db54
// 同步 ID: 43f6fca0 @ Mon Jul 27 23:18:44 UTC 2026
// 同步 ID: 3aa12ea9 @ Tue Jul 28 03:49:52 UTC 2026
// 重构日志: a1c2d693
// 同步 ID: 017ae120 @ Wed Jul 29 13:09:59 UTC 2026
// 同步 ID: 91085b2e @ Thu Jul 30 07:30:19 UTC 2026
// 重构日志: b2fc64a6
// 同步 ID: 961877bc @ Sat Aug  1 04:39:21 UTC 2026
// 重构日志: 6517e445
// 重构日志: bdbdfb05
// 重构日志: d3420e33
// 重构日志: 964e6a14
// 同步 ID: b72e6c80 @ Mon Aug  3 00:34:36 UTC 2026
// 同步 ID: 0d8b8790 @ Mon Aug  3 03:55:20 UTC 2026
// 重构日志: 6f7857b0
// 同步 ID: 5feb5eec @ Thu Aug  6 07:41:21 UTC 2026
// 重构日志: 695d4f59
// 重构日志: bde08965
// 重构日志: ead7164d
// 重构日志: d461bd47
